
   FAIL  Tests\Feature\Api\V1\QuestionBankTest
  Γ£ô Question BΓÇª 7.82s  
  Γ£ô Question BΓÇª 2.22s  
  Γ£ô Question BΓÇª 0.14s  
  Γ£ô Question BΓÇª 1.86s  
  Γ£ô Question BΓÇª 2.04s  
  Γ£ô Question BΓÇª 2.82s  
  Γ£ô Question BΓÇª 2.77s  
  Γ£ô Question BΓÇª 1.81s  
  Γ¿» Question BΓÇª 3.06s  
  ΓöÇΓöÇΓöÇΓöÇΓöÇΓöÇΓöÇΓöÇΓöÇΓöÇΓöÇΓöÇΓöÇΓöÇΓöÇΓöÇΓöÇΓöÇΓöÇ  
   FAILED  Tests\FeΓÇª   
  Failed to assert that the response count matched the expected 5
Failed asserting that actual size 15 matches expected size 5.

  at tests\Feature\Api\V1\QuestionBankTest.php:162
    158Γûò 
    159Γûò         $response = $this->getJson("/api/v1/question-banks/{$bank->id}");
    160Γûò 
    161Γûò         $response->assertStatus(200)
  Γ₧£ 162Γûò             ->assertJsonCount(5, 'data.questions')
    163Γûò             ->assertJsonPath('data.questions_count', 5);
    164Γûò     });
    165Γûò });
    166Γûò


  Tests:    1 failed, 8 passed (21 assertions)
  Duration: 26.21s

